// Jest Snapshot v1, https://goo.gl/fbAQLP

exports[`Header is rendered 1`] = `
<div
  className="header"
>
  <h1>
    React Reddit
  </h1>
  <ul
    role="navigation"
  >
    <li>
      <a
        href="/"
        onClick={[Function]}
      >
        Home
      </a>
    </li>
    <li>
      <a
        href="/about"
        onClick={[Function]}
      >
        About
      </a>
    </li>
  </ul>
</div>
`;
