// Jest Snapshot v1, https://goo.gl/fbAQLP

exports[`PrimaryLayout Page rendering initial state should match the snapshot 1`] = `
<div
  className="PrimaryLayout"
>
  <div
    className="header"
  >
    <h1>
      React Reddit
    </h1>
    <ul
      role="navigation"
    >
      <li>
        <a
          href="/"
          onClick={[Function]}
        >
          Home
        </a>
      </li>
      <li>
        <a
          href="/about"
          onClick={[Function]}
        >
          About
        </a>
      </li>
    </ul>
  </div>
  <div>
    <div
      className="RedditPage"
    >
      <h1>
        Reddit
      </h1>
      <div
        className="RedditList"
      >
        <h2>
          Reddit List
        </h2>
      </div>
    </div>
  </div>
  <div
    className="footer"
  >
    <h2>
      Footer
    </h2>
  </div>
</div>
`;
