// Jest Snapshot v1, https://goo.gl/fbAQLP

exports[`Footer rendering initial state is rendered 1`] = `
<div
  className="footer"
>
  <h2>
    <div
      className="footer_content"
    >
      <p>
        site by 
        <a
          href="http://www.callmejoe.net/"
          rel="noopener noreferrer"
          target="_blank"
        >
          joe
        </a>
      </p>
    </div>
  </h2>
</div>
`;
